[    0.000000] Booting Linux on physical CPU 0x0000000000 [0x412fd050]
[    0.000000] Linux version 6.4.0nextOS-ge55e5df193d2-dirty (jrs@x13) (aarch64-linux-gnu-gcc (GCC) 13.1.0, GNU ld (GNU Binutils) 2.40) #4 SMP Sat Jul  1 14:06:16 ACST 2023
[    0.000000] Machine model: RG353V
[    0.000000] earlycon: uart8250 at MMIO32 0x00000000fe660000 (options '')
[    0.000000] printk: bootconsole [uart8250] enabled
[    0.000000] Zone ranges:
[    0.000000]   DMA      [mem 0x0000000000200000-0x000000007fffffff]
[    0.000000]   DMA32    empty
[    0.000000]   Normal   empty
[    0.000000] Movable zone start for each node
[    0.000000] Early memory node ranges
[    0.000000]   node   0: [mem 0x0000000000200000-0x000000007fffffff]
[    0.000000] Initmem setup node 0 [mem 0x0000000000200000-0x000000007fffffff]
[    0.000000] On node 0, zone DMA: 512 pages in unavailable ranges
[    0.000000] cma: Reserved 16 MiB at 0x000000007e800000
[    0.000000] psci: probing for conduit method from DT.
[    0.000000] psci: PSCIv1.1 detected in firmware.
[    0.000000] psci: Using standard PSCI v0.2 function IDs
[    0.000000] psci: MIGRATE_INFO_TYPE not supported.
[    0.000000] psci: SMC Calling Convention v1.2
[    0.000000] percpu: Embedded 27 pages/cpu s69944 r8192 d32456 u110592
[    0.000000] pcpu-alloc: s69944 r8192 d32456 u110592 alloc=27*4096
[    0.000000] pcpu-alloc: [0] 0 [0] 1 [0] 2 [0] 3 
[    0.000000] Detected VIPT I-cache on CPU0
[    0.000000] CPU features: detected: GIC system register CPU interface
[    0.000000] CPU features: detected: Virtualization Host Extensions
[    0.000000] CPU features: detected: Qualcomm erratum 1009, or ARM erratum 1286807, 2441009
[    0.000000] CPU features: detected: ARM errata 1165522, 1319367, or 1530923
[    0.000000] alternatives: applying boot alternatives
[    0.000000] Kernel command line: earlycon=uart8250,mmio32,0xfe660000 console=tty0 console=uart8250,mmio32,0xfe660000 root=PARTUUID=f3bba93c-181a-491f-9f72-c615961c2dcb rw rootwait rootfstype=ext4 init=/sbin/init
[    0.000000] Dentry cache hash table entries: 262144 (order: 9, 2097152 bytes, linear)
[    0.000000] Inode-cache hash table entries: 131072 (order: 8, 1048576 bytes, linear)
[    0.000000] Built 1 zonelists, mobility grouping on.  Total pages: 515592
[    0.000000] mem auto-init: stack:all(zero), heap alloc:off, heap free:off
[    0.000000] software IO TLB: area num 4.
[    0.000000] software IO TLB: mapped [mem 0x0000000077e00000-0x000000007be00000] (64MB)
[    0.000000] Memory: 1945004K/2095104K available (12608K kernel code, 2782K rwdata, 4944K rodata, 5632K init, 532K bss, 133716K reserved, 16384K cma-reserved)
[    0.000000] SLUB: HWalign=64, Order=0-3, MinObjects=0, CPUs=4, Nodes=1
[    0.000000] ftrace: allocating 50754 entries in 199 pages
[    0.000000] ftrace: allocated 199 pages with 5 groups
[    0.000000] trace event string verifier disabled
[    0.000000] rcu: Hierarchical RCU implementation.
[    0.000000] rcu: 	RCU event tracing is enabled.
[    0.000000] rcu: 	RCU restricting CPUs from NR_CPUS=8 to nr_cpu_ids=4.
[    0.000000] 	Rude variant of Tasks RCU enabled.
[    0.000000] rcu: RCU calculated value of scheduler-enlistment delay is 30 jiffies.
[    0.000000] rcu: Adjusting geometry for rcu_fanout_leaf=16, nr_cpu_ids=4
[    0.000000] NR_IRQS: 64, nr_irqs: 64, preallocated irqs: 0
[    0.000000] GICv3: GIC: Using split EOI/Deactivate mode
[    0.000000] GICv3: 320 SPIs implemented
[    0.000000] GICv3: 0 Extended SPIs implemented
[    0.000000] GICv3: MBI range [296:319]
[    0.000000] GICv3: Using MBI frame 0x00000000fd410000
[    0.000000] Root IRQ handler: gic_handle_irq
[    0.000000] GICv3: GICv3 features: 16 PPIs
[    0.000000] GICv3: CPU0: found redistributor 0 region 0:0x00000000fd460000
[    0.000000] ITS: No ITS available, not enabling LPIs
[    0.000000] rcu: srcu_init: Setting srcu_struct sizes based on contention.
[    0.000000] arch_timer: cp15 timer(s) running at 24.00MHz (phys).
[    0.000000] clocksource: arch_sys_counter: mask: 0xffffffffffffff max_cycles: 0x588fe9dc0, max_idle_ns: 440795202592 ns
[    0.000001] sched_clock: 56 bits at 24MHz, resolution 41ns, wraps every 4398046511097ns
[    0.001866] Console: colour dummy device 80x25
[    0.002317] printk: console [tty0] enabled
[    0.003547] Calibrating delay loop (skipped), value calculated using timer frequency.. 48.00 BogoMIPS (lpj=80000)
[    0.004567] pid_max: default: 32768 minimum: 301
[    0.005290] Mount-cache hash table entries: 4096 (order: 3, 32768 bytes, linear)
[    0.006046] Mountpoint-cache hash table entries: 4096 (order: 3, 32768 bytes, linear)
[    0.008164] cacheinfo: Unable to detect cache hierarchy for CPU 0
[    0.010509] RCU Tasks Rude: Setting shift to 2 and lim to 1 rcu_task_cb_adjust=1.
[    0.011686] rcu: Hierarchical SRCU implementation.
[    0.012212] rcu: 	Max phase no-delay instances is 1000.
[    0.015047] smp: Bringing up secondary CPUs ...
[    0.016752] Detected VIPT I-cache on CPU1
[    0.016861] GICv3: CPU1: found redistributor 100 region 0:0x00000000fd480000
[    0.016937] CPU1: Booted secondary processor 0x0000000100 [0x412fd050]
[    0.018216] Detected VIPT I-cache on CPU2
[    0.018308] GICv3: CPU2: found redistributor 200 region 0:0x00000000fd4a0000
[    0.018364] CPU2: Booted secondary processor 0x0000000200 [0x412fd050]
[    0.019696] Detected VIPT I-cache on CPU3
[    0.019788] GICv3: CPU3: found redistributor 300 region 0:0x00000000fd4c0000
[    0.019846] CPU3: Booted secondary processor 0x0000000300 [0x412fd050]
[    0.020030] smp: Brought up 1 node, 4 CPUs
[    0.025640] SMP: Total of 4 processors activated.
[    0.026113] CPU features: detected: 32-bit EL0 Support
[    0.026645] CPU features: detected: Data cache clean to the PoU not required for I/D coherence
[    0.027493] CPU features: detected: Common not Private translations
[    0.028111] CPU features: detected: CRC32 instructions
[    0.028624] CPU features: detected: RCpc load-acquire (LDAPR)
[    0.029190] CPU features: detected: LSE atomic instructions
[    0.029740] CPU features: detected: Privileged Access Never
[    0.030331] CPU features: detected: RAS Extension Support
[    0.030872] CPU features: detected: Speculative Store Bypassing Safe (SSBS)
[    0.031715] CPU: All CPU(s) started at EL2
[    0.032133] alternatives: applying system-wide alternatives
[    0.036275] devtmpfs: initialized
[    0.056253] clocksource: jiffies: mask: 0xffffffff max_cycles: 0xffffffff, max_idle_ns: 6370867519511994 ns
[    0.057258] futex hash table entries: 1024 (order: 4, 65536 bytes, linear)
[    0.058618] pinctrl core: initialized pinctrl subsystem
[    0.060251] regulator-dummy: no parameters, enabled
[    0.060857] NET: Registered PF_NETLINK/PF_ROUTE protocol family
[    0.063768] DMA: preallocated 256 KiB GFP_KERNEL pool for atomic allocations
[    0.064694] DMA: preallocated 256 KiB GFP_KERNEL|GFP_DMA pool for atomic allocations
[    0.065762] DMA: preallocated 256 KiB GFP_KERNEL|GFP_DMA32 pool for atomic allocations
[    0.068083] thermal_sys: Registered thermal governor 'fair_share'
[    0.068098] thermal_sys: Registered thermal governor 'step_wise'
[    0.068790] cpuidle: using governor menu
[    0.070194] hw-breakpoint: found 6 breakpoint and 4 watchpoint registers.
[    0.071095] ASID allocator initialised with 65536 entries
[    0.089215] platform fe060000.dsi: Fixed dependency cycle(s) with /dsi@fe060000/panel@0/port/endpoint
[    0.090220] platform fe060000.dsi: Fixed dependency cycle(s) with /vop@fe040000/ports/port@1/endpoint@4
[    0.091878] platform fe0a0000.hdmi: Fixed dependency cycle(s) with /vop@fe040000/ports/port@0/endpoint@2
[    0.115709] gpio gpiochip0: Static allocation of GPIO base is deprecated, use dynamic allocation.
[    0.117251] rockchip-gpio fdd60000.gpio: probed /pinctrl/gpio@fdd60000
[    0.118542] gpio gpiochip1: Static allocation of GPIO base is deprecated, use dynamic allocation.
[    0.119893] rockchip-gpio fe740000.gpio: probed /pinctrl/gpio@fe740000
[    0.121256] gpio gpiochip2: Static allocation of GPIO base is deprecated, use dynamic allocation.
[    0.122583] rockchip-gpio fe750000.gpio: probed /pinctrl/gpio@fe750000
[    0.123775] gpio gpiochip3: Static allocation of GPIO base is deprecated, use dynamic allocation.
[    0.125138] rockchip-gpio fe760000.gpio: probed /pinctrl/gpio@fe760000
[    0.126665] gpio gpiochip4: Static allocation of GPIO base is deprecated, use dynamic allocation.
[    0.127978] rockchip-gpio fe770000.gpio: probed /pinctrl/gpio@fe770000
[    0.134122] platform hdmi-con: Fixed dependency cycle(s) with /hdmi@fe0a0000/ports/port@1/endpoint
[    0.140278] Modules: 26112 pages in range for non-PLT usage
[    0.140298] Modules: 517632 pages in range for PLT usage
[    0.143587] vcc_sys: 3800 mV, enabled
[    0.144477] reg-fixed-voltage regulator-vcc-sys: vcc_sys supplying 3800000uV
[    0.144958] vcc_wifi: 3300 mV, enabled
[    0.145188] reg-fixed-voltage regulator-vcc-wifi: vcc_wifi supplying 3300000uV
[    0.145570] iommu: Default domain type: Translated
[    0.146070] iommu: DMA domain TLB invalidation policy: strict mode
[    0.147310] SCSI subsystem initialized
[    0.147776] libata version 3.00 loaded.
[    0.148075] usbcore: registered new interface driver usbfs
[    0.148695] usbcore: registered new interface driver hub
[    0.149331] usbcore: registered new device driver usb
[    0.150000] mc: Linux media interface: v0.10
[    0.150512] videodev: Linux video capture interface: v2.00
[    0.151215] pps_core: LinuxPPS API ver. 1 registered
[    0.151717] pps_core: Software ver. 5.3.6 - Copyright 2005-2007 Rodolfo Giometti <giometti@linux.it>
[    0.152674] PTP clock support registered
[    0.153325] scmi_core: SCMI protocol bus registered
[    0.154389] Advanced Linux Sound Architecture Driver Initialized.
[    0.156068] Bluetooth: Core ver 2.22
[    0.156488] NET: Registered PF_BLUETOOTH protocol family
[    0.157021] Bluetooth: HCI device and connection manager initialized
[    0.157660] Bluetooth: HCI socket layer initialized
[    0.158155] Bluetooth: L2CAP socket layer initialized
[    0.158682] Bluetooth: SCO socket layer initialized
[    1.035519] clocksource: Switched to clocksource arch_sys_counter
[    1.054791] NET: Registered PF_INET protocol family
[    1.055658] IP idents hash table entries: 32768 (order: 6, 262144 bytes, linear)
[    1.059661] tcp_listen_portaddr_hash hash table entries: 1024 (order: 3, 32768 bytes, linear)
[    1.060577] Table-perturb hash table entries: 65536 (order: 6, 262144 bytes, linear)
[    1.061464] TCP established hash table entries: 16384 (order: 5, 131072 bytes, linear)
[    1.062441] TCP bind hash table entries: 16384 (order: 8, 1048576 bytes, linear)
[    1.064316] TCP: Hash tables configured (established 16384 bind 16384)
[    1.065197] UDP hash table entries: 1024 (order: 4, 98304 bytes, linear)
[    1.066041] UDP-Lite hash table entries: 1024 (order: 4, 98304 bytes, linear)
[    1.067189] NET: Registered PF_UNIX/PF_LOCAL protocol family
[    1.068697] RPC: Registered named UNIX socket transport module.
[    1.069342] RPC: Registered udp transport module.
[    1.069812] RPC: Registered tcp transport module.
[    1.070277] RPC: Registered tcp NFSv4.1 backchannel transport module.
[    1.070924] PCI: CLS 0 bytes, default 64
[    1.133356] workingset: timestamp_bits=62 max_order=19 bucket_order=0
[    1.134562] squashfs: version 4.0 (2009/01/31) Phillip Lougher
[    1.135785] NFS: Registering the id_resolver key type
[    1.136351] Key type id_resolver registered
[    1.136776] Key type id_legacy registered
[    1.137227] ntfs: driver 2.1.32 [Flags: R/O].
[    1.137705] jffs2: version 2.2. (NAND) Â© 2001-2006 Red Hat, Inc.
[    1.138427] fuse: init (API version 7.38)
[    1.139588] SGI XFS with security attributes, no debug enabled
[    1.193172] NET: Registered PF_ALG protocol family
[    1.193758] Block layer SCSI generic (bsg) driver version 0.4 loaded (major 244)
[    1.194499] io scheduler mq-deadline registered
[    1.194955] io scheduler kyber registered
[    1.195372] io scheduler bfq registered
[    1.198563] phy phy-fe850000.mipi-dphy.0: Looking up phy-supply from device tree
[    1.198594] phy phy-fe850000.mipi-dphy.0: Looking up phy-supply property in node /mipi-dphy@fe850000 failed
[    1.201169] phy phy-fe8a0000.usb2phy.1: Looking up phy-supply from device tree
[    1.201203] phy phy-fe8a0000.usb2phy.1: Looking up phy-supply property in node /usb2phy@fe8a0000/otg-port failed
[    1.203241] phy phy-fe8b0000.usb2phy.2: Looking up phy-supply from device tree
[    1.203274] phy phy-fe8b0000.usb2phy.2: Looking up phy-supply property in node /usb2phy@fe8b0000/host-port failed
[    1.205237] phy phy-fe830000.phy.3: Looking up phy-supply from device tree
[    1.205268] phy phy-fe830000.phy.3: Looking up phy-supply property in node /phy@fe830000 failed
[    1.210222] pwm-backlight backlight: Looking up power-supply from device tree
[    1.217144] dma-pl330 fe530000.dma-controller: Loaded driver for PL330 DMAC-241330
[    1.217928] dma-pl330 fe530000.dma-controller: 	DBUFF-128x8bytes Num_Chans-8 Num_Peri-32 Num_Events-16
[    1.223029] dma-pl330 fe550000.dma-controller: Loaded driver for PL330 DMAC-241330
[    1.223796] dma-pl330 fe550000.dma-controller: 	DBUFF-128x8bytes Num_Chans-8 Num_Peri-32 Num_Events-16
[    1.226931] Serial: 8250/16550 driver, 10 ports, IRQ sharing disabled
[    1.234443] fe650000.serial: ttyS1 at MMIO 0xfe650000 (irq = 25, base_baud = 1500000) is a 16550A
[    1.235828] serial serial0: tty port ttyS1 registered
[    1.237881] fe660000.serial: ttyS2 at MMIO 0xfe660000 (irq = 26, base_baud = 1500000) is a 16550A
[    1.239085] printk: console [ttyS2] enabled
[    1.239886] printk: bootconsole [uart8250] disabled
[    1.247577] rockchip-vop2 fe040000.vop: Adding to iommu group 2
[    1.251658] phy phy-fe060000.dsi.4: Looking up phy-supply from device tree
[    1.251704] phy phy-fe060000.dsi.4: Looking up phy-supply property in node /dsi@fe060000 failed
[    1.252453] mipi-dsi fe060000.dsi.0: Fixed dependency cycle(s) with /dsi@fe060000/ports/port@1/endpoint
[    1.265105] SPI driver nv3052c has no spi_device_id for leadtek,ltk035c5444t
[    1.268535] brd: module loaded
[    1.278492] loop: module loaded
[    1.279687] zram: Added device: zram0
[    1.280130] lkdtm: No crash points registered, enable through debugfs
[    1.286796] usbcore: registered new interface driver rtl8150
[    1.287391] usbcore: registered new device driver r8152-cfgselector
[    1.288020] usbcore: registered new interface driver r8152
[    1.300639] ehci-platform fd880000.usb: EHCI Host Controller
[    1.300972] ohci-platform fd8c0000.usb: Generic Platform OHCI controller
[    1.301391] xhci-hcd xhci-hcd.0.auto: xHCI Host Controller
[    1.301564] ehci-platform fd880000.usb: new USB bus registered, assigned bus number 1
[    1.301779] ehci-platform fd880000.usb: irq 32, io mem 0xfd880000
[    1.302077] ohci-platform fd8c0000.usb: new USB bus registered, assigned bus number 2
[    1.302299] ohci-platform fd8c0000.usb: irq 33, io mem 0xfd8c0000
[    1.302605] xhci-hcd xhci-hcd.0.auto: new USB bus registered, assigned bus number 3
[    1.302814] xhci-hcd xhci-hcd.0.auto: hcc params 0x0220fe64 hci version 0x110 quirks 0x0000000002010010
[    1.302883] xhci-hcd xhci-hcd.0.auto: irq 31, io mem 0xfd000000
[    1.303141] dwc3 fd000000.usb: xhci_plat_probe get usb3phy fail (ret=-6)
[    1.307586] xhci-hcd xhci-hcd.0.auto: xHCI Host Controller
[    1.308404] xhci-hcd xhci-hcd.0.auto: new USB bus registered, assigned bus number 4
[    1.309168] xhci-hcd xhci-hcd.0.auto: Host supports USB 3.0 SuperSpeed
[    1.310113] usb usb3: New USB device found, idVendor=1d6b, idProduct=0002, bcdDevice= 6.04
[    1.310880] usb usb3: New USB device strings: Mfr=3, Product=2, SerialNumber=1
[    1.311543] usb usb3: Product: xHCI Host Controller
[    1.311996] usb usb3: Manufacturer: Linux 6.4.0nextOS-ge55e5df193d2-dirty xhci-hcd
[    1.312717] usb usb3: SerialNumber: xhci-hcd.0.auto
[    1.314076] hub 3-0:1.0: USB hub found
[    1.314500] hub 3-0:1.0: 1 port detected
[    1.315570] ehci-platform fd880000.usb: USB 2.0 started, EHCI 1.00
[    1.315702] usb usb4: We don't know the algorithms for LPM for this host, disabling LPM.
[    1.317135] usb usb4: New USB device found, idVendor=1d6b, idProduct=0003, bcdDevice= 6.04
[    1.317901] usb usb4: New USB device strings: Mfr=3, Product=2, SerialNumber=1
[    1.318564] usb usb4: Product: xHCI Host Controller
[    1.319054] usb usb4: Manufacturer: Linux 6.4.0nextOS-ge55e5df193d2-dirty xhci-hcd
[    1.319748] usb usb4: SerialNumber: xhci-hcd.0.auto
[    1.321056] hub 4-0:1.0: USB hub found
[    1.321479] hub 4-0:1.0: 1 port detected
[    1.323400] usbcore: registered new interface driver cdc_acm
[    1.323537] usb usb1: New USB device found, idVendor=1d6b, idProduct=0002, bcdDevice= 6.04
[    1.323909] cdc_acm: USB Abstract Control Model driver for USB modems and ISDN adapters
[    1.324635] usb usb1: New USB device strings: Mfr=3, Product=2, SerialNumber=1
[    1.325759] usbcore: registered new interface driver uas
[    1.326003] usb usb1: Product: EHCI Host Controller
[    1.326526] usbcore: registered new interface driver usb-storage
[    1.326865] usb usb1: Manufacturer: Linux 6.4.0nextOS-ge55e5df193d2-dirty ehci_hcd
[    1.327536] usbcore: registered new interface driver usbserial_generic
[    1.328053] usb usb1: SerialNumber: fd880000.usb
[    1.328671] usbserial: USB Serial support registered for generic
[    1.329852] usbcore: registered new interface driver ch341
[    1.329927] hub 1-0:1.0: USB hub found
[    1.330390] usbserial: USB Serial support registered for ch341-uart
[    1.330742] hub 1-0:1.0: 1 port detected
[    1.331287] usbcore: registered new interface driver cp210x
[    1.332217] usbserial: USB Serial support registered for cp210x
[    1.332854] usbcore: registered new interface driver ftdi_sio
[    1.333430] usbserial: USB Serial support registered for FTDI USB Serial Device
[    1.334275] usbcore: registered new interface driver keyspan
[    1.334843] usbserial: USB Serial support registered for Keyspan - (without firmware)
[    1.335654] usbserial: USB Serial support registered for Keyspan 1 port adapter
[    1.336370] usbserial: USB Serial support registered for Keyspan 2 port adapter
[    1.337093] usbserial: USB Serial support registered for Keyspan 4 port adapter
[    1.337839] usbcore: registered new interface driver option
[    1.338400] usbserial: USB Serial support registered for GSM modem (1-port)
[    1.339325] usbcore: registered new interface driver oti6858
[    1.339896] usbserial: USB Serial support registered for oti6858
[    1.340506] usbcore: registered new interface driver pl2303
[    1.341062] usbserial: USB Serial support registered for pl2303
[    1.341673] usbcore: registered new interface driver qcserial
[    1.342277] usbserial: USB Serial support registered for Qualcomm USB modem
[    1.343003] usbcore: registered new interface driver sierra
[    1.343564] usbserial: USB Serial support registered for Sierra USB modem
[    1.345350] usbcore: registered new interface driver xpad
[    1.346097] usbcore: registered new interface driver usbtouchscreen
[    1.347292] i2c_dev: i2c /dev entries driver
[    1.350067] i2c 0-0020: Fixed dependency cycle(s) with /i2c@fdd40000/pmic@20/regulators/BOOST
[    1.363252] usb usb2: New USB device found, idVendor=1d6b, idProduct=0001, bcdDevice= 6.04
[    1.364046] usb usb2: New USB device strings: Mfr=3, Product=2, SerialNumber=1
[    1.364711] usb usb2: Product: Generic Platform OHCI controller
[    1.365255] usb usb2: Manufacturer: Linux 6.4.0nextOS-ge55e5df193d2-dirty ohci_hcd
[    1.365986] usb usb2: SerialNumber: fd8c0000.usb
[    1.367529] hub 2-0:1.0: USB hub found
[    1.367963] hub 2-0:1.0: 1 port detected
[    1.400048] rk808-regulator rk808-regulator: there is no dvs0 gpio
[    1.400671] rk808-regulator rk808-regulator: there is no dvs1 gpio
[    1.401351] rk808-regulator rk808-regulator: Looking up vcc1-supply from device tree
[    1.401387] vdd_logic: supplied by vcc_sys
[    1.401406] vcc_sys: could not add device link regulator.3: -ENOENT
[    1.406249] vdd_logic: 500 <--> 1350 mV at 900 mV, enabled
[    1.407126] rk808-regulator rk808-regulator: Looking up vcc2-supply from device tree
[    1.407157] vdd_gpu: supplied by vcc_sys
[    1.407174] vcc_sys: could not add device link regulator.4: -ENOENT
[    1.411025] vdd_gpu: 500 <--> 1350 mV at 900 mV, enabled
[    1.411864] rk808-regulator rk808-regulator: Looking up vcc3-supply from device tree
[    1.411893] vcc_ddr: supplied by vcc_sys
[    1.411911] vcc_sys: could not add device link regulator.5: -ENOENT
[    1.414800] vcc_ddr: at 500 mV, enabled
[    1.416318] rk808-regulator rk808-regulator: Looking up vcc4-supply from device tree
[    1.416348] vcc_3v3: supplied by vcc_sys
[    1.416366] vcc_sys: could not add device link regulator.6: -ENOENT
[    1.419732] vcc_3v3: 3300 mV, enabled
[    1.420569] rk808-regulator rk808-regulator: Looking up vcc5-supply from device tree
[    1.420599] vcca1v8_pmu: supplied by vcc_sys
[    1.420618] vcc_sys: could not add device link regulator.7: -ENOENT
[    1.424000] vcca1v8_pmu: 1800 mV, enabled
[    1.424829] rk808-regulator rk808-regulator: Looking up vcc5-supply from device tree
[    1.424860] vdda_0v9: supplied by vcc_sys
[    1.424878] vcc_sys: could not add device link regulator.8: -ENOENT
[    1.428261] vdda_0v9: 900 mV, enabled
[    1.429760] rk808-regulator rk808-regulator: Looking up vcc5-supply from device tree
[    1.429792] vdda0v9_pmu: supplied by vcc_sys
[    1.429811] vcc_sys: could not add device link regulator.9: -ENOENT
[    1.433220] vdda0v9_pmu: 900 mV, enabled
[    1.434068] rk808-regulator rk808-regulator: Looking up vcc6-supply from device tree
[    1.434098] vccio_acodec: supplied by vcc_sys
[    1.434117] vcc_sys: could not add device link regulator.10: -ENOENT
[    1.437054] vccio_acodec: 3300 mV, enabled
[    1.437885] rk808-regulator rk808-regulator: Looking up vcc6-supply from device tree
[    1.437916] vccio_sd: supplied by vcc_sys
[    1.437943] vcc_sys: could not add device link regulator.11: -ENOENT
[    1.441966] vccio_sd: 1800 <--> 3300 mV at 3300 mV, enabled
[    1.443199] rk808-regulator rk808-regulator: Looking up vcc6-supply from device tree
[    1.443230] vcc3v3_pmu: supplied by vcc_sys
[    1.443248] vcc_sys: could not add device link regulator.12: -ENOENT
[    1.446676] vcc3v3_pmu: 3300 mV, enabled
[    1.447520] rk808-regulator rk808-regulator: Looking up vcc7-supply from device tree
[    1.447551] vcc_1v8: supplied by vcc_sys
[    1.447569] vcc_sys: could not add device link regulator.13: -ENOENT
[    1.450485] vcc_1v8: 1800 mV, enabled
[    1.451312] rk808-regulator rk808-regulator: Looking up vcc7-supply from device tree
[    1.451343] vcc1v8_dvp: supplied by vcc_sys
[    1.451360] vcc_sys: could not add device link regulator.14: -ENOENT
[    1.454762] vcc1v8_dvp: 1800 <--> 3300 mV at 1800 mV, enabled
[    1.456314] rk808-regulator rk808-regulator: Looking up vcc7-supply from device tree
[    1.456345] vcc2v8_dvp: supplied by vcc_sys
[    1.456363] vcc_sys: could not add device link regulator.15: -ENOENT
[    1.459285] vcc2v8_dvp: 2800 mV, enabled
[    1.460109] rk808-regulator rk808-regulator: Looking up vcc8-supply from device tree
[    1.460140] boost: supplied by vcc_sys
[    1.460159] vcc_sys: could not add device link regulator.16: -ENOENT
[    1.463564] boost: 4700 <--> 5400 mV at 4700 mV, enabled
[    1.465378] otg_switch: no parameters, disabled
[    1.466310] rk808-regulator rk808-regulator: Looking up vcc9-supply from device tree
[    1.466376] otg_switch: supplied by boost
[    1.474030] input: rk805 pwrkey as /devices/platform/fdd40000.i2c/i2c-0/0-0020/rk805-pwrkey/input/input0
[    1.488781] rk808-rtc rk808-rtc: registered as rtc0
[    1.492054] rk808-rtc rk808-rtc: setting system clock to 2023-07-08T04:44:16 UTC (1688791456)
[    1.496783] fan53555-regulator 0-0040: FAN53555 Option[8] Rev[1] Detected!
[    1.497476] fan53555-regulator 0-0040: Looking up vin-supply from device tree
[    1.497514] vdd_cpu: supplied by vcc_sys
[    1.497534] vcc_sys: could not add device link regulator.18: -ENOENT
[    1.498160] vdd_cpu: override min_uV, 712500 -> 720000
[    1.498184] vdd_cpu: override max_uV, 1390000 -> 1230000
[    1.500568] rockchip-rga fdeb0000.rga: HW Version: 0x03.02
[    1.501417] vdd_cpu: 720 <--> 1230 mV at 900 mV, enabled
[    1.501672] rockchip-rga fdeb0000.rga: Registered rockchip-rga as /dev/video0
[    1.503343] usbcore: registered new interface driver uvcvideo
[    1.538102] Bluetooth: HCI UART driver ver 2.3
[    1.538553] Bluetooth: HCI UART protocol H4 registered
[    1.539078] Bluetooth: HCI UART protocol ATH3K registered
[    1.539632] Bluetooth: HCI UART protocol Three-wire (H5) registered
[    1.540294] usbcore: registered new interface driver bfusb
[    1.540874] usbcore: registered new interface driver btusb
[    1.541616] cpu cpu0: Looking up cpu-supply from device tree
[    1.544808] sdhci: Secure Digital Host Controller Interface driver
[    1.545399] sdhci: Copyright(c) Pierre Ossman
[    1.545913] Synopsys Designware Multimedia Card Interface Driver
[    1.549589] sdhci-pltfm: SDHCI platform and OF driver helper
[    1.550923] dwmmc_rockchip fe000000.mmc: IDMAC supports 32-bit address mode.
[    1.551283] dwmmc_rockchip fe2b0000.mmc: IDMAC supports 32-bit address mode.
[    1.551615] dwmmc_rockchip fe000000.mmc: Using internal DMA controller.
[    1.552056] dwmmc_rockchip fe2c0000.mmc: IDMAC supports 32-bit address mode.
[    1.552100] dwmmc_rockchip fe2c0000.mmc: Using internal DMA controller.
[    1.552115] dwmmc_rockchip fe2c0000.mmc: Version ID is 270a
[    1.552268] dwmmc_rockchip fe2b0000.mmc: Using internal DMA controller.
[    1.552287] dwmmc_rockchip fe2c0000.mmc: DW MMC controller at irq 68,32 bit host data width,256 deep fifo
[    1.552464] dwmmc_rockchip fe2c0000.mmc: Looking up vmmc-supply from device tree
[    1.552868] dwmmc_rockchip fe000000.mmc: Version ID is 270a
[    1.553315] SPI driver leds_spi_byte has no spi_device_id for ubnt,acb-spi-led
[    1.553470] dwmmc_rockchip fe2b0000.mmc: Version ID is 270a
[    1.554163] dwmmc_rockchip fe000000.mmc: DW MMC controller at irq 66,32 bit host data width,256 deep fifo
[    1.554237] scmi_protocol scmi_dev.1: Enabled polling mode TX channel - prot_id:16
[    1.554266] dwmmc_rockchip fe2c0000.mmc: Looking up vqmmc-supply from device tree
[    1.554611] dwmmc_rockchip fe2b0000.mmc: DW MMC controller at irq 67,32 bit host data width,256 deep fifo
[    1.554867] arm-scmi firmware:scmi: SCMI Notifications - Core Enabled.
[    1.554953] arm-scmi firmware:scmi: SCMI Protocol v2.0 'rockchip:' Firmware version 0x0
[    1.555769] dwmmc_rockchip fe2c0000.mmc: Got CD GPIO
[    1.556161] dwmmc_rockchip fe2b0000.mmc: Looking up vmmc-supply from device tree
[    1.556246] sdhci-dwcmshc fe310000.mmc: Looking up vmmc-supply from device tree
[    1.557172] sdhci-dwcmshc fe310000.mmc: Looking up vqmmc-supply from device tree
[    1.557249] dwmmc_rockchip fe000000.mmc: Looking up vmmc-supply from device tree
[    1.557678] SMCCC: SOC_ID: ARCH_SOC_ID not implemented, skipping ....
[    1.557857] dwmmc_rockchip fe000000.mmc: Looking up vqmmc-supply from device tree
[    1.559362] dwmmc_rockchip fe2b0000.mmc: Looking up vqmmc-supply from device tree
[    1.559975] dwmmc_rockchip fe000000.mmc: allocated mmc-pwrseq
[    1.559994] mmc_host mmc3: card is non-removable.
[    1.561486] hid: raw HID events driver (C) Jiri Kosina
[    1.564223] dwmmc_rockchip fe2b0000.mmc: Got CD GPIO
[    1.565190] usbcore: registered new interface driver usbhid
[    1.566382] usbhid: USB HID core driver
[    1.567918] rockchip-saradc fe720000.saradc: Looking up vref-supply from device tree
[    1.574383] hw perfevents: enabled with armv8_cortex_a55 PMU driver, 7 counters available
[    1.575977] mmc_host mmc2: Bus speed (slot 0) = 375000Hz (slot req 400000Hz, actual 375000HZ div = 0)
[    1.577880] usbcore: registered new interface driver snd-usb-audio
[    1.582327] mmc_host mmc1: Bus speed (slot 0) = 375000Hz (slot req 400000Hz, actual 375000HZ div = 0)
[    1.589868] Initializing XFRM netlink socket
[    1.590459] NET: Registered PF_INET6 protocol family
[    1.593286] Segment Routing with IPv6
[    1.593724] In-situ OAM (IOAM) with IPv6
[    1.594200] NET: Registered PF_PACKET protocol family
[    1.594689] NET: Registered PF_KEY protocol family
[    1.595409] Bluetooth: RFCOMM socket layer initialized
[    1.595980] Bluetooth: RFCOMM ver 1.11
[    1.596354] Bluetooth: HIDP (Human Interface Emulation) ver 1.2
[    1.596907] Bluetooth: HIDP socket layer initialized
[    1.597480] Key type dns_resolver registered
[    1.654567] mmc_host mmc1: Bus speed (slot 0) = 150000000Hz (slot req 150000000Hz, actual 150000000HZ div = 0)
[    1.657157] dwmmc_rockchip fe2b0000.mmc: All phases bad!
[    1.657671] mmc1: tuning execution failed: -5
[    1.658087] mmc1: error -5 whilst initialising SD card
[    1.668902] mmc0: new HS200 MMC card at address 0001
[    1.670667] mmcblk0: mmc0:0001 BJTD4R 29.1 GiB
[    1.675612] mmc_host mmc1: Bus speed (slot 0) = 375000Hz (slot req 375000Hz, actual 375000HZ div = 0)
[    1.679309]  mmcblk0: p1 p2 p3 p4 p5 p6 p7 p8 p9 p10 p11 p12 p13 p14
[    1.685023] mmcblk0boot0: mmc0:0001 BJTD4R 4.00 MiB
[    1.689695] mmcblk0boot1: mmc0:0001 BJTD4R 4.00 MiB
[    1.692644] mmcblk0rpmb: mmc0:0001 BJTD4R 16.0 MiB, chardev (239:0)
[    1.693368] mmc0: SDHCI controller on fe310000.mmc [fe310000.mmc] using ADMA
[    1.697186] rockchip-iodomain fdc20000.syscon:io-domains: Looking up pmuio1-supply from device tree
[    1.697463] reg-fixed-voltage regulator-vcc3v3-lcd0: Looking up vin-supply from device tree
[    1.697512] vcc3v3_lcd0_n: supplied by vcc_3v3
[    1.697557] vcc_3v3: could not add device link regulator.19: -ENOENT
[    1.698470] vcc3v3_lcd0_n: 3300 mV, enabled
[    1.698745] reg-fixed-voltage regulator-vcc3v3-lcd0: vcc3v3_lcd0_n supplying 3300000uV
[    1.699593] rockchip-iodomain fdc20000.syscon:io-domains: Looking up pmuio2-supply from device tree
[    1.700697] rockchip-iodomain fdc20000.syscon:io-domains: Looking up vccio1-supply from device tree
[    1.701912] rockchip-iodomain fdc20000.syscon:io-domains: Looking up vccio2-supply from device tree
[    1.701937] rockchip-iodomain fdc20000.syscon:io-domains: Looking up vccio2-supply property in node /syscon@fdc20000/io-domains failed
[    1.701997] rockchip-iodomain fdc20000.syscon:io-domains: Looking up vccio3-supply from device tree
[    1.703185] rockchip-iodomain fdc20000.syscon:io-domains: Looking up vccio4-supply from device tree
[    1.704385] rockchip-iodomain fdc20000.syscon:io-domains: Looking up vccio5-supply from device tree
[    1.705624] rockchip-iodomain fdc20000.syscon:io-domains: Looking up vccio6-supply from device tree
[    1.705848] input: Hynitron cst3xx Touchscreen as /devices/platform/fe5b0000.i2c/i2c-2/2-001a/input/input1
[    1.706892] rockchip-iodomain fdc20000.syscon:io-domains: Looking up vccio7-supply from device tree
[    1.708490] panel-newvision-nv3051d fe060000.dsi.0: Looking up vdd-supply from device tree
[    1.709861] rockchip-drm display-subsystem: bound fe040000.vop (ops 0xffffffc080d3cc18)
[    1.710873] dwhdmi-rockchip fe0a0000.hdmi: Looking up avdd-0v9-supply from device tree
[    1.710903] dwhdmi-rockchip fe0a0000.hdmi: Looking up avdd-0v9-supply property in node /hdmi@fe0a0000 failed
[    1.710957] dwhdmi-rockchip fe0a0000.hdmi: supply avdd-0v9 not found, using dummy regulator
[    1.711942] dwhdmi-rockchip fe0a0000.hdmi: Looking up avdd-1v8-supply from device tree
[    1.711973] dwhdmi-rockchip fe0a0000.hdmi: Looking up avdd-1v8-supply property in node /hdmi@fe0a0000 failed
[    1.712020] dwhdmi-rockchip fe0a0000.hdmi: supply avdd-1v8 not found, using dummy regulator
[    1.714444] dwhdmi-rockchip fe0a0000.hdmi: Detected HDMI TX controller v2.11a with HDCP (DWC HDMI 2.0 TX PHY)
[    1.718049] rockchip-drm display-subsystem: bound fe0a0000.hdmi (ops 0xffffffc080d41620)
[    1.719449] rockchip-drm display-subsystem: bound fe060000.dsi (ops 0xffffffc080d421b0)
[    1.721822] [drm] Initialized rockchip 1.0.0 20140818 for display-subsystem on minor 0
[    1.724344] input: adc-keys as /devices/platform/adc-keys/input/input2
[    1.727008] cpu cpu0: Looking up cpu-supply from device tree
[    1.744701] mmc_host mmc1: Bus speed (slot 0) = 150000000Hz (slot req 150000000Hz, actual 150000000HZ div = 0)
[    1.763664] input: rk817_int Headphones as /devices/platform/sound/sound/card1/input3
[    1.769328] input: gpio-keys-control as /devices/platform/gpio-keys-control/input/input4
[    1.771216] input: gpio-keys-vol as /devices/platform/gpio-keys-vol/input/input5
[    1.772509] clk: Disabling unused clocks
[    1.773500] ALSA device list:
[    1.773777]   #0: HDMI
[    1.773996]   #1: rk817_int
[    1.774484] dw-apb-uart fe660000.serial: forbid DMA for kernel console
[    1.788891] mmc_host mmc3: Bus speed (slot 0) = 375000Hz (slot req 400000Hz, actual 375000HZ div = 0)
[    1.810222] dwmmc_rockchip fe000000.mmc: card claims to support voltages below defined range
[    1.823329] mmc_host mmc3: Bus speed (slot 0) = 50000000Hz (slot req 50000000Hz, actual 50000000HZ div = 0)
[    1.825251] mmc3: new high speed SDIO card at address 0001
[    2.029561] dwmmc_rockchip fe2b0000.mmc: Successfully tuned phase to 290
[    2.030277] mmc1: new ultra high speed SDR104 SDHC card at address 1234
[    2.032635] mmcblk1: mmc1:1234 SA16G 14.4 GiB
[    2.038928]  mmcblk1: p1 p2 p3
[    2.194056] EXT4-fs (mmcblk1p3): mounted filesystem d183cac8-ccdc-43b5-87cd-7ea111b4a779 r/w with ordered data mode. Quota mode: disabled.
[    2.195288] VFS: Mounted root (ext4 filesystem) on device 179:99.
[    2.197446] devtmpfs: mounted
[    2.203856] Freeing unused kernel memory: 5632K
[    2.208944] Run /sbin/init as init process
[    2.209323]   with arguments:
[    2.209331]     /sbin/init
[    2.209337]   with environment:
[    2.209341]     HOME=/
[    2.209347]     TERM=linux
[    2.280092] EXT4-fs (mmcblk1p3): re-mounted d183cac8-ccdc-43b5-87cd-7ea111b4a779 r/w. Quota mode: disabled.
