[    0.000000] Booting Linux on physical CPU 0x0000000000 [0x412fd050]
[    0.000000] Linux version 6.4.0nextOS-ga507db1d8fdc (jrs@x13) (aarch64-linux-gnu-gcc (GCC) 13.1.0, GNU ld (GNU Binutils) 2.40) #1 SMP Sat Jul  1 15:03:12 ACST 2023
[    0.000000] Machine model: RG353V
[    0.000000] earlycon: uart8250 at MMIO32 0x00000000fe660000 (options '')
[    0.000000] printk: bootconsole [uart8250] enabled
[    0.000000] Zone ranges:
[    0.000000]   DMA      [mem 0x0000000000200000-0x000000007fffffff]
[    0.000000]   DMA32    empty
[    0.000000]   Normal   empty
[    0.000000] Movable zone start for each node
[    0.000000] Early memory node ranges
[    0.000000]   node   0: [mem 0x0000000000200000-0x000000007fffffff]
[    0.000000] Initmem setup node 0 [mem 0x0000000000200000-0x000000007fffffff]
[    0.000000] On node 0, zone DMA: 512 pages in unavailable ranges
[    0.000000] cma: Reserved 16 MiB at 0x000000007e800000
[    0.000000] psci: probing for conduit method from DT.
[    0.000000] psci: PSCIv1.1 detected in firmware.
[    0.000000] psci: Using standard PSCI v0.2 function IDs
[    0.000000] psci: MIGRATE_INFO_TYPE not supported.
[    0.000000] psci: SMC Calling Convention v1.2
[    0.000000] percpu: Embedded 27 pages/cpu s69944 r8192 d32456 u110592
[    0.000000] pcpu-alloc: s69944 r8192 d32456 u110592 alloc=27*4096
[    0.000000] pcpu-alloc: [0] 0 [0] 1 [0] 2 [0] 3 
[    0.000000] Detected VIPT I-cache on CPU0
[    0.000000] CPU features: detected: GIC system register CPU interface
[    0.000000] CPU features: detected: Virtualization Host Extensions
[    0.000000] CPU features: detected: Qualcomm erratum 1009, or ARM erratum 1286807, 2441009
[    0.000000] CPU features: detected: ARM errata 1165522, 1319367, or 1530923
[    0.000000] alternatives: applying boot alternatives
[    0.000000] Kernel command line: earlycon=uart8250,mmio32,0xfe660000 console=tty0 console=uart8250,mmio32,0xfe660000 root=PARTUUID=3f564942-4de0-4af9-8b30-70c60d09c55e rw rootwait rootfstype=ext4 init=/sbin/init video=HDMI-A-1:640x480@60
[    0.000000] Dentry cache hash table entries: 262144 (order: 9, 2097152 bytes, linear)
[    0.000000] Inode-cache hash table entries: 131072 (order: 8, 1048576 bytes, linear)
[    0.000000] Built 1 zonelists, mobility grouping on.  Total pages: 515592
[    0.000000] mem auto-init: stack:all(zero), heap alloc:off, heap free:off
[    0.000000] software IO TLB: area num 4.
[    0.000000] software IO TLB: mapped [mem 0x0000000077e00000-0x000000007be00000] (64MB)
[    0.000000] Memory: 1944744K/2095104K available (12608K kernel code, 2796K rwdata, 4980K rodata, 5760K init, 535K bss, 133976K reserved, 16384K cma-reserved)
[    0.000000] SLUB: HWalign=64, Order=0-3, MinObjects=0, CPUs=4, Nodes=1
[    0.000000] ftrace: allocating 52480 entries in 205 pages
[    0.000000] ftrace: allocated 205 pages with 5 groups
[    0.000000] trace event string verifier disabled
[    0.000000] rcu: Hierarchical RCU implementation.
[    0.000000] rcu: 	RCU event tracing is enabled.
[    0.000000] rcu: 	RCU restricting CPUs from NR_CPUS=8 to nr_cpu_ids=4.
[    0.000000] 	Rude variant of Tasks RCU enabled.
[    0.000000] rcu: RCU calculated value of scheduler-enlistment delay is 30 jiffies.
[    0.000000] rcu: Adjusting geometry for rcu_fanout_leaf=16, nr_cpu_ids=4
[    0.000000] NR_IRQS: 64, nr_irqs: 64, preallocated irqs: 0
[    0.000000] GICv3: GIC: Using split EOI/Deactivate mode
[    0.000000] GICv3: 320 SPIs implemented
[    0.000000] GICv3: 0 Extended SPIs implemented
[    0.000000] GICv3: MBI range [296:319]
[    0.000000] GICv3: Using MBI frame 0x00000000fd410000
[    0.000000] Root IRQ handler: gic_handle_irq
[    0.000000] GICv3: GICv3 features: 16 PPIs
[    0.000000] GICv3: CPU0: found redistributor 0 region 0:0x00000000fd460000
[    0.000000] ITS: No ITS available, not enabling LPIs
[    0.000000] rcu: srcu_init: Setting srcu_struct sizes based on contention.
[    0.000000] arch_timer: cp15 timer(s) running at 24.00MHz (phys).
[    0.000000] clocksource: arch_sys_counter: mask: 0xffffffffffffff max_cycles: 0x588fe9dc0, max_idle_ns: 440795202592 ns
[    0.000001] sched_clock: 56 bits at 24MHz, resolution 41ns, wraps every 4398046511097ns
[    0.001874] Console: colour dummy device 80x25
[    0.002328] printk: console [tty0] enabled
[    0.003578] Calibrating delay loop (skipped), value calculated using timer frequency.. 48.00 BogoMIPS (lpj=80000)
[    0.004597] pid_max: default: 32768 minimum: 301
[    0.005313] Mount-cache hash table entries: 4096 (order: 3, 32768 bytes, linear)
[    0.006068] Mountpoint-cache hash table entries: 4096 (order: 3, 32768 bytes, linear)
[    0.008206] cacheinfo: Unable to detect cache hierarchy for CPU 0
[    0.010586] RCU Tasks Rude: Setting shift to 2 and lim to 1 rcu_task_cb_adjust=1.
[    0.011769] rcu: Hierarchical SRCU implementation.
[    0.012291] rcu: 	Max phase no-delay instances is 1000.
[    0.015170] smp: Bringing up secondary CPUs ...
[    0.016881] Detected VIPT I-cache on CPU1
[    0.016991] GICv3: CPU1: found redistributor 100 region 0:0x00000000fd480000
[    0.017068] CPU1: Booted secondary processor 0x0000000100 [0x412fd050]
[    0.018365] Detected VIPT I-cache on CPU2
[    0.018465] GICv3: CPU2: found redistributor 200 region 0:0x00000000fd4a0000
[    0.018524] CPU2: Booted secondary processor 0x0000000200 [0x412fd050]
[    0.019875] Detected VIPT I-cache on CPU3
[    0.019970] GICv3: CPU3: found redistributor 300 region 0:0x00000000fd4c0000
[    0.020025] CPU3: Booted secondary processor 0x0000000300 [0x412fd050]
[    0.020206] smp: Brought up 1 node, 4 CPUs
[    0.025820] SMP: Total of 4 processors activated.
[    0.026291] CPU features: detected: 32-bit EL0 Support
[    0.026825] CPU features: detected: Data cache clean to the PoU not required for I/D coherence
[    0.027672] CPU features: detected: Common not Private translations
[    0.028290] CPU features: detected: CRC32 instructions
[    0.028802] CPU features: detected: RCpc load-acquire (LDAPR)
[    0.029368] CPU features: detected: LSE atomic instructions
[    0.029918] CPU features: detected: Privileged Access Never
[    0.030507] CPU features: detected: RAS Extension Support
[    0.031048] CPU features: detected: Speculative Store Bypassing Safe (SSBS)
[    0.031893] CPU: All CPU(s) started at EL2
[    0.032313] alternatives: applying system-wide alternatives
[    0.036438] devtmpfs: initialized
[    0.055990] clocksource: jiffies: mask: 0xffffffff max_cycles: 0xffffffff, max_idle_ns: 6370867519511994 ns
[    0.056995] futex hash table entries: 1024 (order: 4, 65536 bytes, linear)
[    0.058307] pinctrl core: initialized pinctrl subsystem
[    0.059978] regulator-dummy: no parameters, enabled
[    0.060576] NET: Registered PF_NETLINK/PF_ROUTE protocol family
[    0.063507] DMA: preallocated 256 KiB GFP_KERNEL pool for atomic allocations
[    0.064428] DMA: preallocated 256 KiB GFP_KERNEL|GFP_DMA pool for atomic allocations
[    0.065520] DMA: preallocated 256 KiB GFP_KERNEL|GFP_DMA32 pool for atomic allocations
[    0.067880] thermal_sys: Registered thermal governor 'fair_share'
[    0.067895] thermal_sys: Registered thermal governor 'step_wise'
[    0.068590] cpuidle: using governor menu
[    0.070032] hw-breakpoint: found 6 breakpoint and 4 watchpoint registers.
[    0.070933] ASID allocator initialised with 65536 entries
[    0.088990] platform fe060000.dsi: Fixed dependency cycle(s) with /dsi@fe060000/panel@0/port/endpoint
[    0.089995] platform fe060000.dsi: Fixed dependency cycle(s) with /vop@fe040000/ports/port@1/endpoint@4
[    0.091657] platform fe0a0000.hdmi: Fixed dependency cycle(s) with /vop@fe040000/ports/port@0/endpoint@2
[    0.115220] gpio gpiochip0: Static allocation of GPIO base is deprecated, use dynamic allocation.
[    0.116719] rockchip-gpio fdd60000.gpio: probed /pinctrl/gpio@fdd60000
[    0.118040] gpio gpiochip1: Static allocation of GPIO base is deprecated, use dynamic allocation.
[    0.119381] rockchip-gpio fe740000.gpio: probed /pinctrl/gpio@fe740000
[    0.120689] gpio gpiochip2: Static allocation of GPIO base is deprecated, use dynamic allocation.
[    0.122059] rockchip-gpio fe750000.gpio: probed /pinctrl/gpio@fe750000
[    0.123243] gpio gpiochip3: Static allocation of GPIO base is deprecated, use dynamic allocation.
[    0.124561] rockchip-gpio fe760000.gpio: probed /pinctrl/gpio@fe760000
[    0.126100] gpio gpiochip4: Static allocation of GPIO base is deprecated, use dynamic allocation.
[    0.127409] rockchip-gpio fe770000.gpio: probed /pinctrl/gpio@fe770000
[    0.133564] platform hdmi-con: Fixed dependency cycle(s) with /hdmi@fe0a0000/ports/port@1/endpoint
[    0.139707] Modules: 26048 pages in range for non-PLT usage
[    0.139727] Modules: 517568 pages in range for PLT usage
[    0.143004] vcc_sys: 3800 mV, enabled
[    0.143888] reg-fixed-voltage regulator-vcc-sys: vcc_sys supplying 3800000uV
[    0.144370] vcc_wifi: 3300 mV, enabled
[    0.144605] reg-fixed-voltage regulator-vcc-wifi: vcc_wifi supplying 3300000uV
[    0.145011] iommu: Default domain type: Translated
[    0.145549] iommu: DMA domain TLB invalidation policy: strict mode
[    0.146787] SCSI subsystem initialized
[    0.147252] libata version 3.00 loaded.
[    0.147543] usbcore: registered new interface driver usbfs
[    0.148152] usbcore: registered new interface driver hub
[    0.148754] usbcore: registered new device driver usb
[    0.149461] mc: Linux media interface: v0.10
[    0.149975] videodev: Linux video capture interface: v2.00
[    0.150682] pps_core: LinuxPPS API ver. 1 registered
[    0.151185] pps_core: Software ver. 5.3.6 - Copyright 2005-2007 Rodolfo Giometti <giometti@linux.it>
[    0.152107] PTP clock support registered
[    0.152781] scmi_core: SCMI protocol bus registered
[    0.153843] Advanced Linux Sound Architecture Driver Initialized.
[    0.155456] Bluetooth: Core ver 2.22
[    0.155874] NET: Registered PF_BLUETOOTH protocol family
[    0.156444] Bluetooth: HCI device and connection manager initialized
[    0.157085] Bluetooth: HCI socket layer initialized
[    0.157578] Bluetooth: L2CAP socket layer initialized
[    0.158104] Bluetooth: SCO socket layer initialized
[    1.011823] clocksource: Switched to clocksource arch_sys_counter
[    1.032122] NET: Registered PF_INET protocol family
[    1.032937] IP idents hash table entries: 32768 (order: 6, 262144 bytes, linear)
[    1.037031] tcp_listen_portaddr_hash hash table entries: 1024 (order: 3, 32768 bytes, linear)
[    1.037945] Table-perturb hash table entries: 65536 (order: 6, 262144 bytes, linear)
[    1.038774] TCP established hash table entries: 16384 (order: 5, 131072 bytes, linear)
[    1.039708] TCP bind hash table entries: 16384 (order: 8, 1048576 bytes, linear)
[    1.041578] TCP: Hash tables configured (established 16384 bind 16384)
[    1.042559] UDP hash table entries: 1024 (order: 4, 98304 bytes, linear)
[    1.043368] UDP-Lite hash table entries: 1024 (order: 4, 98304 bytes, linear)
[    1.044512] NET: Registered PF_UNIX/PF_LOCAL protocol family
[    1.046098] RPC: Registered named UNIX socket transport module.
[    1.046707] RPC: Registered udp transport module.
[    1.047173] RPC: Registered tcp transport module.
[    1.047638] RPC: Registered tcp NFSv4.1 backchannel transport module.
[    1.048281] PCI: CLS 0 bytes, default 64
[    1.110731] workingset: timestamp_bits=62 max_order=19 bucket_order=0
[    1.112032] squashfs: version 4.0 (2009/01/31) Phillip Lougher
[    1.113197] NFS: Registering the id_resolver key type
[    1.113767] Key type id_resolver registered
[    1.114193] Key type id_legacy registered
[    1.114642] ntfs: driver 2.1.32 [Flags: R/O].
[    1.115120] jffs2: version 2.2. (NAND) Â© 2001-2006 Red Hat, Inc.
[    1.115884] fuse: init (API version 7.38)
[    1.116983] SGI XFS with security attributes, no debug enabled
[    1.149327] jitterentropy: Initialization failed with host not compliant with requirements: 9
[    1.150184] NET: Registered PF_ALG protocol family
[    1.150775] Block layer SCSI generic (bsg) driver version 0.4 loaded (major 244)
[    1.151514] io scheduler mq-deadline registered
[    1.152003] io scheduler kyber registered
[    1.152424] io scheduler bfq registered
[    1.155813] phy phy-fe850000.mipi-dphy.0: Looking up phy-supply from device tree
[    1.155842] phy phy-fe850000.mipi-dphy.0: Looking up phy-supply property in node /mipi-dphy@fe850000 failed
[    1.158455] phy phy-fe8a0000.usb2phy.1: Looking up phy-supply from device tree
[    1.158541] phy phy-fe8a0000.usb2phy.1: Looking up phy-supply property in node /usb2phy@fe8a0000/otg-port failed
[    1.160554] phy phy-fe8b0000.usb2phy.2: Looking up phy-supply from device tree
[    1.160584] phy phy-fe8b0000.usb2phy.2: Looking up phy-supply property in node /usb2phy@fe8b0000/host-port failed
[    1.162587] phy phy-fe830000.phy.3: Looking up phy-supply from device tree
[    1.162618] phy phy-fe830000.phy.3: Looking up phy-supply property in node /phy@fe830000 failed
[    1.167627] pwm-backlight backlight: Looking up power-supply from device tree
[    1.174379] dma-pl330 fe530000.dma-controller: Loaded driver for PL330 DMAC-241330
[    1.175207] dma-pl330 fe530000.dma-controller: 	DBUFF-128x8bytes Num_Chans-8 Num_Peri-32 Num_Events-16
[    1.180186] dma-pl330 fe550000.dma-controller: Loaded driver for PL330 DMAC-241330
[    1.180953] dma-pl330 fe550000.dma-controller: 	DBUFF-128x8bytes Num_Chans-8 Num_Peri-32 Num_Events-16
[    1.184084] Serial: 8250/16550 driver, 10 ports, IRQ sharing disabled
[    1.191432] fe650000.serial: ttyS1 at MMIO 0xfe650000 (irq = 25, base_baud = 1500000) is a 16550A
[    1.192789] serial serial0: tty port ttyS1 registered
[    1.194833] fe660000.serial: ttyS2 at MMIO 0xfe660000 (irq = 26, base_baud = 1500000) is a 16550A
[    1.196047] printk: console [ttyS2] enabled
[    1.196849] printk: bootconsole [uart8250] disabled
[    1.204482] rockchip-vop2 fe040000.vop: Adding to iommu group 2
[    1.208638] phy phy-fe060000.dsi.4: Looking up phy-supply from device tree
[    1.208681] phy phy-fe060000.dsi.4: Looking up phy-supply property in node /dsi@fe060000 failed
[    1.209317] mipi-dsi fe060000.dsi.0: Fixed dependency cycle(s) with /dsi@fe060000/ports/port@1/endpoint
[    1.222279] SPI driver nv3052c has no spi_device_id for leadtek,ltk035c5444t
[    1.225776] brd: module loaded
[    1.235822] loop: module loaded
[    1.236930] zram: Added device: zram0
[    1.237387] lkdtm: No crash points registered, enable through debugfs
[    1.244206] usbcore: registered new interface driver rtl8150
[    1.244798] usbcore: registered new device driver r8152-cfgselector
[    1.245478] usbcore: registered new interface driver r8152
[    1.258247] ehci-platform fd880000.usb: EHCI Host Controller
[    1.258600] ohci-platform fd8c0000.usb: Generic Platform OHCI controller
[    1.259269] xhci-hcd xhci-hcd.0.auto: xHCI Host Controller
[    1.259728] ohci-platform fd8c0000.usb: new USB bus registered, assigned bus number 2
[    1.259769] ehci-platform fd880000.usb: new USB bus registered, assigned bus number 1
[    1.259972] ehci-platform fd880000.usb: irq 32, io mem 0xfd880000
[    1.260182] xhci-hcd xhci-hcd.0.auto: new USB bus registered, assigned bus number 3
[    1.260415] xhci-hcd xhci-hcd.0.auto: hcc params 0x0220fe64 hci version 0x110 quirks 0x0000000002010010
[    1.260494] xhci-hcd xhci-hcd.0.auto: irq 31, io mem 0xfd000000
[    1.260699] ohci-platform fd8c0000.usb: irq 33, io mem 0xfd8c0000
[    1.260754] dwc3 fd000000.usb: xhci_plat_probe get usb3phy fail (ret=-6)
[    1.260769] xhci-hcd xhci-hcd.0.auto: xHCI Host Controller
[    1.261084] xhci-hcd xhci-hcd.0.auto: new USB bus registered, assigned bus number 4
[    1.261109] xhci-hcd xhci-hcd.0.auto: Host supports USB 3.0 SuperSpeed
[    1.261464] usb usb3: New USB device found, idVendor=1d6b, idProduct=0002, bcdDevice= 6.04
[    1.267671] usb usb3: New USB device strings: Mfr=3, Product=2, SerialNumber=1
[    1.268339] usb usb3: Product: xHCI Host Controller
[    1.268819] usb usb3: Manufacturer: Linux 6.4.0nextOS-ga507db1d8fdc xhci-hcd
[    1.269465] usb usb3: SerialNumber: xhci-hcd.0.auto
[    1.270828] hub 3-0:1.0: USB hub found
[    1.271266] hub 3-0:1.0: 1 port detected
[    1.271872] ehci-platform fd880000.usb: USB 2.0 started, EHCI 1.00
[    1.272462] usb usb4: We don't know the algorithms for LPM for this host, disabling LPM.
[    1.273472] usb usb4: New USB device found, idVendor=1d6b, idProduct=0003, bcdDevice= 6.04
[    1.274235] usb usb4: New USB device strings: Mfr=3, Product=2, SerialNumber=1
[    1.274899] usb usb4: Product: xHCI Host Controller
[    1.275391] usb usb4: Manufacturer: Linux 6.4.0nextOS-ga507db1d8fdc xhci-hcd
[    1.276038] usb usb4: SerialNumber: xhci-hcd.0.auto
[    1.277343] hub 4-0:1.0: USB hub found
[    1.277764] hub 4-0:1.0: 1 port detected
[    1.279648] usbcore: registered new interface driver cdc_acm
[    1.279811] usb usb1: New USB device found, idVendor=1d6b, idProduct=0002, bcdDevice= 6.04
[    1.280157] cdc_acm: USB Abstract Control Model driver for USB modems and ISDN adapters
[    1.280544] usbcore: registered new interface driver uas
[    1.280885] usb usb1: New USB device strings: Mfr=3, Product=2, SerialNumber=1
[    1.281671] usbcore: registered new interface driver usb-storage
[    1.282089] usb usb1: Product: EHCI Host Controller
[    1.282870] usbcore: registered new interface driver usbserial_generic
[    1.283251] usb usb1: Manufacturer: Linux 6.4.0nextOS-ga507db1d8fdc ehci_hcd
[    1.283733] usbserial: USB Serial support registered for generic
[    1.284251] usb usb1: SerialNumber: fd880000.usb
[    1.284920] usbcore: registered new interface driver ch341
[    1.286254] hub 1-0:1.0: USB hub found
[    1.286383] usbserial: USB Serial support registered for ch341-uart
[    1.286728] hub 1-0:1.0: 1 port detected
[    1.287280] usbcore: registered new interface driver cp210x
[    1.288316] usbserial: USB Serial support registered for cp210x
[    1.288989] usbcore: registered new interface driver ftdi_sio
[    1.289565] usbserial: USB Serial support registered for FTDI USB Serial Device
[    1.290406] usbcore: registered new interface driver keyspan
[    1.290971] usbserial: USB Serial support registered for Keyspan - (without firmware)
[    1.291726] usbserial: USB Serial support registered for Keyspan 1 port adapter
[    1.292484] usbserial: USB Serial support registered for Keyspan 2 port adapter
[    1.293207] usbserial: USB Serial support registered for Keyspan 4 port adapter
[    1.293948] usbcore: registered new interface driver option
[    1.294506] usbserial: USB Serial support registered for GSM modem (1-port)
[    1.295433] usbcore: registered new interface driver oti6858
[    1.296003] usbserial: USB Serial support registered for oti6858
[    1.296611] usbcore: registered new interface driver pl2303
[    1.297168] usbserial: USB Serial support registered for pl2303
[    1.297775] usbcore: registered new interface driver qcserial
[    1.298359] usbserial: USB Serial support registered for Qualcomm USB modem
[    1.299107] usbcore: registered new interface driver sierra
[    1.299665] usbserial: USB Serial support registered for Sierra USB modem
[    1.301514] usbcore: registered new interface driver xpad
[    1.302246] usbcore: registered new interface driver usbtouchscreen
[    1.303512] i2c_dev: i2c /dev entries driver
[    1.305609] i2c 0-0020: Fixed dependency cycle(s) with /i2c@fdd40000/pmic@20/regulators/BOOST
[    1.319548] usb usb2: New USB device found, idVendor=1d6b, idProduct=0001, bcdDevice= 6.04
[    1.320337] usb usb2: New USB device strings: Mfr=3, Product=2, SerialNumber=1
[    1.321002] usb usb2: Product: Generic Platform OHCI controller
[    1.321547] usb usb2: Manufacturer: Linux 6.4.0nextOS-ga507db1d8fdc ohci_hcd
[    1.322863] usb usb2: SerialNumber: fd8c0000.usb
[    1.324286] hub 2-0:1.0: USB hub found
[    1.324717] hub 2-0:1.0: 1 port detected
[    1.356264] rk808-regulator rk808-regulator: there is no dvs0 gpio
[    1.356882] rk808-regulator rk808-regulator: there is no dvs1 gpio
[    1.357540] rk808-regulator rk808-regulator: Looking up vcc1-supply from device tree
[    1.357575] vdd_logic: supplied by vcc_sys
[    1.357595] vcc_sys: could not add device link regulator.3: -ENOENT
[    1.362574] vdd_logic: 500 <--> 1350 mV at 900 mV, enabled
[    1.363466] rk808-regulator rk808-regulator: Looking up vcc2-supply from device tree
[    1.363499] vdd_gpu: supplied by vcc_sys
[    1.363519] vcc_sys: could not add device link regulator.4: -ENOENT
[    1.367371] vdd_gpu: 500 <--> 1350 mV at 900 mV, enabled
[    1.368202] rk808-regulator rk808-regulator: Looking up vcc3-supply from device tree
[    1.368233] vcc_ddr: supplied by vcc_sys
[    1.368251] vcc_sys: could not add device link regulator.5: -ENOENT
[    1.371127] vcc_ddr: at 500 mV, enabled
[    1.372002] rk808-regulator rk808-regulator: Looking up vcc4-supply from device tree
[    1.372034] vcc_3v3: supplied by vcc_sys
[    1.372052] vcc_sys: could not add device link regulator.6: -ENOENT
[    1.375898] vcc_3v3: 3300 mV, enabled
[    1.376726] rk808-regulator rk808-regulator: Looking up vcc5-supply from device tree
[    1.376757] vcca1v8_pmu: supplied by vcc_sys
[    1.376775] vcc_sys: could not add device link regulator.7: -ENOENT
[    1.380173] vcca1v8_pmu: 1800 mV, enabled
[    1.380976] rk808-regulator rk808-regulator: Looking up vcc5-supply from device tree
[    1.381006] vdda_0v9: supplied by vcc_sys
[    1.381023] vcc_sys: could not add device link regulator.8: -ENOENT
[    1.384558] vdda_0v9: 900 mV, enabled
[    1.385411] rk808-regulator rk808-regulator: Looking up vcc5-supply from device tree
[    1.385441] vdda0v9_pmu: supplied by vcc_sys
[    1.385462] vcc_sys: could not add device link regulator.9: -ENOENT
[    1.389232] vdda0v9_pmu: 900 mV, enabled
[    1.390052] rk808-regulator rk808-regulator: Looking up vcc6-supply from device tree
[    1.390083] vccio_acodec: supplied by vcc_sys
[    1.390101] vcc_sys: could not add device link regulator.10: -ENOENT
[    1.393018] vccio_acodec: 3300 mV, enabled
[    1.393869] rk808-regulator rk808-regulator: Looking up vcc6-supply from device tree
[    1.393900] vccio_sd: supplied by vcc_sys
[    1.393927] vcc_sys: could not add device link regulator.11: -ENOENT
[    1.397773] vccio_sd: 1800 <--> 3300 mV at 3300 mV, enabled
[    1.398662] rk808-regulator rk808-regulator: Looking up vcc6-supply from device tree
[    1.398692] vcc3v3_pmu: supplied by vcc_sys
[    1.398711] vcc_sys: could not add device link regulator.12: -ENOENT
[    1.402566] vcc3v3_pmu: 3300 mV, enabled
[    1.403390] rk808-regulator rk808-regulator: Looking up vcc7-supply from device tree
[    1.403420] vcc_1v8: supplied by vcc_sys
[    1.403440] vcc_sys: could not add device link regulator.13: -ENOENT
[    1.406393] vcc_1v8: 1800 mV, enabled
[    1.407224] rk808-regulator rk808-regulator: Looking up vcc7-supply from device tree
[    1.407254] vcc1v8_dvp: supplied by vcc_sys
[    1.407272] vcc_sys: could not add device link regulator.14: -ENOENT
[    1.410676] vcc1v8_dvp: 1800 <--> 3300 mV at 1800 mV, enabled
[    1.411500] rk808-regulator rk808-regulator: Looking up vcc7-supply from device tree
[    1.411529] vcc2v8_dvp: supplied by vcc_sys
[    1.411549] vcc_sys: could not add device link regulator.15: -ENOENT
[    1.414473] vcc2v8_dvp: 2800 mV, enabled
[    1.416001] rk808-regulator rk808-regulator: Looking up vcc8-supply from device tree
[    1.416034] boost: supplied by vcc_sys
[    1.416051] vcc_sys: could not add device link regulator.16: -ENOENT
[    1.419488] boost: 4700 <--> 5400 mV at 4700 mV, enabled
[    1.421286] otg_switch: no parameters, disabled
[    1.421519] rk808-regulator rk808-regulator: Looking up vcc9-supply from device tree
[    1.421583] otg_switch: supplied by boost
[    1.429844] input: rk805 pwrkey as /devices/platform/fdd40000.i2c/i2c-0/0-0020/rk805-pwrkey/input/input0
[    1.444329] rk808-rtc rk808-rtc: registered as rtc0
[    1.447574] rk808-rtc rk808-rtc: setting system clock to 2023-07-08T05:39:03 UTC (1688794743)
[    1.451954] fan53555-regulator 0-0040: FAN53555 Option[8] Rev[1] Detected!
[    1.452649] fan53555-regulator 0-0040: Looking up vin-supply from device tree
[    1.452685] vdd_cpu: supplied by vcc_sys
[    1.452712] vcc_sys: could not add device link regulator.18: -ENOENT
[    1.453294] vdd_cpu: override min_uV, 712500 -> 720000
[    1.453320] vdd_cpu: override max_uV, 1390000 -> 1230000
[    1.456077] rockchip-rga fdeb0000.rga: HW Version: 0x03.02
[    1.456925] vdd_cpu: 720 <--> 1230 mV at 900 mV, enabled
[    1.457115] rockchip-rga fdeb0000.rga: Registered rockchip-rga as /dev/video0
[    1.458830] usbcore: registered new interface driver uvcvideo
[    1.493078] Bluetooth: HCI UART driver ver 2.3
[    1.493533] Bluetooth: HCI UART protocol H4 registered
[    1.494010] Bluetooth: HCI UART protocol ATH3K registered
[    1.494615] Bluetooth: HCI UART protocol Three-wire (H5) registered
[    1.496026] usbcore: registered new interface driver bfusb
[    1.496665] usbcore: registered new interface driver btusb
[    1.497457] cpu cpu0: Looking up cpu-supply from device tree
[    1.500580] sdhci: Secure Digital Host Controller Interface driver
[    1.501173] sdhci: Copyright(c) Pierre Ossman
[    1.501577] Synopsys Designware Multimedia Card Interface Driver
[    1.503177] sdhci-pltfm: SDHCI platform and OF driver helper
[    1.504172] dwmmc_rockchip fe000000.mmc: IDMAC supports 32-bit address mode.
[    1.504555] dwmmc_rockchip fe2b0000.mmc: IDMAC supports 32-bit address mode.
[    1.504857] dwmmc_rockchip fe000000.mmc: Using internal DMA controller.
[    1.505513] dwmmc_rockchip fe2b0000.mmc: Using internal DMA controller.
[    1.506061] dwmmc_rockchip fe000000.mmc: Version ID is 270a
[    1.506641] dwmmc_rockchip fe2b0000.mmc: Version ID is 270a
[    1.506816] SPI driver leds_spi_byte has no spi_device_id for ubnt,acb-spi-led
[    1.507207] dwmmc_rockchip fe000000.mmc: DW MMC controller at irq 66,32 bit host data width,256 deep fifo
[    1.507673] dwmmc_rockchip fe2b0000.mmc: DW MMC controller at irq 67,32 bit host data width,256 deep fifo
[    1.508414] dwmmc_rockchip fe000000.mmc: Looking up vmmc-supply from device tree
[    1.509283] scmi_protocol scmi_dev.1: Enabled polling mode TX channel - prot_id:16
[    1.509839] arm-scmi firmware:scmi: SCMI Notifications - Core Enabled.
[    1.511449] sdhci-dwcmshc fe310000.mmc: Looking up vmmc-supply from device tree
[    1.511637] dwmmc_rockchip fe000000.mmc: Looking up vqmmc-supply from device tree
[    1.511980] dwmmc_rockchip fe2b0000.mmc: Looking up vmmc-supply from device tree
[    1.512045] arm-scmi firmware:scmi: SCMI Protocol v2.0 'rockchip:' Firmware version 0x0
[    1.512316] dwmmc_rockchip fe2c0000.mmc: IDMAC supports 32-bit address mode.
[    1.512393] dwmmc_rockchip fe2c0000.mmc: Using internal DMA controller.
[    1.512407] dwmmc_rockchip fe2c0000.mmc: Version ID is 270a
[    1.512494] dwmmc_rockchip fe2c0000.mmc: DW MMC controller at irq 68,32 bit host data width,256 deep fifo
[    1.512641] dwmmc_rockchip fe2c0000.mmc: Looking up vmmc-supply from device tree
[    1.514460] SMCCC: SOC_ID: ARCH_SOC_ID not implemented, skipping ....
[    1.514859] dwmmc_rockchip fe000000.mmc: allocated mmc-pwrseq
[    1.515701] hid: raw HID events driver (C) Jiri Kosina
[    1.515935] mmc_host mmc3: card is non-removable.
[    1.516091] sdhci-dwcmshc fe310000.mmc: Looking up vqmmc-supply from device tree
[    1.517032] usbcore: registered new interface driver usbhid
[    1.517198] dwmmc_rockchip fe2b0000.mmc: Looking up vqmmc-supply from device tree
[    1.518654] usbhid: USB HID core driver
[    1.520173] rockchip-saradc fe720000.saradc: Looking up vref-supply from device tree
[    1.520238] dwmmc_rockchip fe2c0000.mmc: Looking up vqmmc-supply from device tree
[    1.520766] dwmmc_rockchip fe2b0000.mmc: Got CD GPIO
[    1.523474] dwmmc_rockchip fe2c0000.mmc: Got CD GPIO
[    1.527205] hw perfevents: enabled with armv8_cortex_a55 PMU driver, 7 counters available
[    1.530817] usbcore: registered new interface driver snd-usb-audio
[    1.539547] mmc_host mmc1: Bus speed (slot 0) = 375000Hz (slot req 400000Hz, actual 375000HZ div = 0)
[    1.541349] Initializing XFRM netlink socket
[    1.541906] mmc_host mmc2: Bus speed (slot 0) = 375000Hz (slot req 400000Hz, actual 375000HZ div = 0)
[    1.541939] NET: Registered PF_INET6 protocol family
[    1.544927] Segment Routing with IPv6
[    1.545422] In-situ OAM (IOAM) with IPv6
[    1.545894] NET: Registered PF_PACKET protocol family
[    1.546382] NET: Registered PF_KEY protocol family
[    1.547045] Bluetooth: RFCOMM socket layer initialized
[    1.547563] Bluetooth: RFCOMM ver 1.11
[    1.547933] Bluetooth: HIDP (Human Interface Emulation) ver 1.2
[    1.550154] Bluetooth: HIDP socket layer initialized
[    1.550750] Key type dns_resolver registered
[    1.609556] mmc_host mmc1: Bus speed (slot 0) = 150000000Hz (slot req 150000000Hz, actual 150000000HZ div = 0)
[    1.612758] dwmmc_rockchip fe2b0000.mmc: All phases bad!
[    1.613273] mmc1: tuning execution failed: -5
[    1.613690] mmc1: error -5 whilst initialising SD card
[    1.624303] mmc0: new HS200 MMC card at address 0001
[    1.627728] mmcblk0: mmc0:0001 BJTD4R 29.1 GiB
[    1.631254] mmc_host mmc1: Bus speed (slot 0) = 375000Hz (slot req 375000Hz, actual 375000HZ div = 0)
[    1.634385]  mmcblk0: p1 p2 p3 p4 p5 p6 p7 p8 p9 p10 p11 p12 p13 p14
[    1.641610] mmcblk0boot0: mmc0:0001 BJTD4R 4.00 MiB
[    1.645258] mmcblk0boot1: mmc0:0001 BJTD4R 4.00 MiB
[    1.647527] rockchip-iodomain fdc20000.syscon:io-domains: Looking up pmuio1-supply from device tree
[    1.647807] reg-fixed-voltage regulator-vcc3v3-lcd0: Looking up vin-supply from device tree
[    1.647848] vcc3v3_lcd0_n: supplied by vcc_3v3
[    1.647869] vcc_3v3: could not add device link regulator.19: -ENOENT
[    1.647978] mmcblk0rpmb: mmc0:0001 BJTD4R 16.0 MiB, chardev (239:0)
[    1.648778] mmc0: SDHCI controller on fe310000.mmc [fe310000.mmc] using ADMA
[    1.648830] vcc3v3_lcd0_n: 3300 mV, enabled
[    1.649725] reg-fixed-voltage regulator-vcc3v3-lcd0: vcc3v3_lcd0_n supplying 3300000uV
[    1.649890] rockchip-iodomain fdc20000.syscon:io-domains: Looking up pmuio2-supply from device tree
[    1.651053] rockchip-iodomain fdc20000.syscon:io-domains: Looking up vccio1-supply from device tree
[    1.652645] rockchip-iodomain fdc20000.syscon:io-domains: Looking up vccio2-supply from device tree
[    1.652673] rockchip-iodomain fdc20000.syscon:io-domains: Looking up vccio2-supply property in node /syscon@fdc20000/io-domains failed
[    1.652737] rockchip-iodomain fdc20000.syscon:io-domains: Looking up vccio3-supply from device tree
[    1.653973] rockchip-iodomain fdc20000.syscon:io-domains: Looking up vccio4-supply from device tree
[    1.655204] rockchip-iodomain fdc20000.syscon:io-domains: Looking up vccio5-supply from device tree
[    1.656415] rockchip-iodomain fdc20000.syscon:io-domains: Looking up vccio6-supply from device tree
[    1.657662] rockchip-iodomain fdc20000.syscon:io-domains: Looking up vccio7-supply from device tree
[    1.659220] panel-newvision-nv3051d fe060000.dsi.0: Looking up vdd-supply from device tree
[    1.660516] rockchip-drm display-subsystem: bound fe040000.vop (ops 0xffffffc080d3ce38)
[    1.661515] dwhdmi-rockchip fe0a0000.hdmi: Looking up avdd-0v9-supply from device tree
[    1.661546] dwhdmi-rockchip fe0a0000.hdmi: Looking up avdd-0v9-supply property in node /hdmi@fe0a0000 failed
[    1.661601] dwhdmi-rockchip fe0a0000.hdmi: supply avdd-0v9 not found, using dummy regulator
[    1.662687] dwhdmi-rockchip fe0a0000.hdmi: Looking up avdd-1v8-supply from device tree
[    1.662719] dwhdmi-rockchip fe0a0000.hdmi: Looking up avdd-1v8-supply property in node /hdmi@fe0a0000 failed
[    1.662762] input: Hynitron cst3xx Touchscreen as /devices/platform/fe5b0000.i2c/i2c-2/2-001a/input/input1
[    1.662767] dwhdmi-rockchip fe0a0000.hdmi: supply avdd-1v8 not found, using dummy regulator
[    1.663121] dwhdmi-rockchip fe0a0000.hdmi: Detected HDMI TX controller v2.11a with HDCP (DWC HDMI 2.0 TX PHY)
[    1.670137] rockchip-drm display-subsystem: bound fe0a0000.hdmi (ops 0xffffffc080d41840)
[    1.671370] rockchip-drm display-subsystem: bound fe060000.dsi (ops 0xffffffc080d423d0)
[    1.673798] [drm] Initialized rockchip 1.0.0 20140818 for display-subsystem on minor 0
[    1.676088] input: adc-keys as /devices/platform/adc-keys/input/input2
[    1.677341] cpu cpu0: Looking up cpu-supply from device tree
[    1.700747] mmc_host mmc1: Bus speed (slot 0) = 150000000Hz (slot req 150000000Hz, actual 150000000HZ div = 0)
[    1.723777] input: rk817_int Headphones as /devices/platform/sound/sound/card1/input3
[    1.730938] input: gpio-keys-control as /devices/platform/gpio-keys-control/input/input4
[    1.734082] input: gpio-keys-vol as /devices/platform/gpio-keys-vol/input/input5
[    1.735339] clk: Disabling unused clocks
[    1.736342] ALSA device list:
[    1.736620]   #0: HDMI
[    1.736839]   #1: rk817_int
[    1.737308] dw-apb-uart fe660000.serial: forbid DMA for kernel console
[    1.745851] mmc_host mmc3: Bus speed (slot 0) = 375000Hz (slot req 400000Hz, actual 375000HZ div = 0)
[    1.767089] dwmmc_rockchip fe000000.mmc: card claims to support voltages below defined range
[    1.778766] mmc_host mmc3: Bus speed (slot 0) = 50000000Hz (slot req 50000000Hz, actual 50000000HZ div = 0)
[    1.780809] mmc3: new high speed SDIO card at address 0001
[    1.972650] dwmmc_rockchip fe2b0000.mmc: Successfully tuned phase to 300
[    1.973367] mmc1: new ultra high speed SDR104 SDHC card at address 1234
[    1.975532] mmcblk1: mmc1:1234 SA16G 14.4 GiB
[    1.980945]  mmcblk1: p1 p2 p3
[    2.140420] EXT4-fs (mmcblk1p3): mounted filesystem 43d3c93a-abbf-452d-bec5-c3eb7af07bc3 r/w with ordered data mode. Quota mode: disabled.
[    2.141649] VFS: Mounted root (ext4 filesystem) on device 179:99.
[    2.143988] devtmpfs: mounted
[    2.151103] Freeing unused kernel memory: 5760K
[    2.155315] Run /sbin/init as init process
[    2.155712]   with arguments:
[    2.155726]     /sbin/init
[    2.155737]   with environment:
[    2.155745]     HOME=/
[    2.155755]     TERM=linux
[    2.222669] EXT4-fs (mmcblk1p3): re-mounted 43d3c93a-abbf-452d-bec5-c3eb7af07bc3 r/w. Quota mode: disabled.
